MPLINK 4.49, Linker
Linker Map File - Created Sun Mar 17 15:57:39 2024

                                 Section Info
                  Section       Type    Address   Location Size(Bytes)
                ---------  ---------  ---------  ---------  ---------
                   .org_0       code   0x000000    program   0x00008c
                   .cinit    romdata   0x000046    program   0x000004
.config_2007_72_ANTIRREBOTES.O       code   0x002007    program   0x000002
.config_2008_72_ANTIRREBOTES.O       code   0x002008    program   0x000002



                              Program Memory Usage 
                               Start         End      
                           ---------   ---------      
                            0x000000    0x000047      
                            0x002007    0x002008      
            74 out of 8455 program addresses used, program memory utilization is 0%



                              Symbols - Sorted by Name
                     Name    Address   Location    Storage File                     
                ---------  ---------  ---------  --------- ---------                
                  DECRE2V   0x00002e    program     static C:\Users\amf01\Documents\Micros\SUBTIEMPO.ASM
                  DECRE3V   0x00003b    program     static C:\Users\amf01\Documents\Micros\SUBTIEMPO.ASM
                RECARGA3V   0x000039    program     static C:\Users\amf01\Documents\Micros\SUBTIEMPO.ASM
                     ST1V   0x000025    program     static C:\Users\amf01\Documents\Micros\SUBTIEMPO.ASM
                     ST2V   0x00002c    program     static C:\Users\amf01\Documents\Micros\SUBTIEMPO.ASM
                     ST3V   0x000037    program     static C:\Users\amf01\Documents\Micros\SUBTIEMPO.ASM
                   T200MS   0x00001f    program     static C:\Users\amf01\Documents\Micros\72_Antirrebotes.asm
                    T25MS   0x000017    program     static C:\Users\amf01\Documents\Micros\72_Antirrebotes.asm
             _.org_0_000D   0x00000d    program     static C:\Users\amf01\Documents\Micros\72_Antirrebotes.asm
             _.org_0_0010   0x000010    program     static C:\Users\amf01\Documents\Micros\72_Antirrebotes.asm
             _.org_0_0016   0x000016    program     static C:\Users\amf01\Documents\Micros\72_Antirrebotes.asm



                              Symbols - Sorted by Address
                     Name    Address   Location    Storage File                     
                ---------  ---------  ---------  --------- ---------                
             _.org_0_000D   0x00000d    program     static C:\Users\amf01\Documents\Micros\72_Antirrebotes.asm
             _.org_0_0010   0x000010    program     static C:\Users\amf01\Documents\Micros\72_Antirrebotes.asm
             _.org_0_0016   0x000016    program     static C:\Users\amf01\Documents\Micros\72_Antirrebotes.asm
                    T25MS   0x000017    program     static C:\Users\amf01\Documents\Micros\72_Antirrebotes.asm
                   T200MS   0x00001f    program     static C:\Users\amf01\Documents\Micros\72_Antirrebotes.asm
                     ST1V   0x000025    program     static C:\Users\amf01\Documents\Micros\SUBTIEMPO.ASM
                     ST2V   0x00002c    program     static C:\Users\amf01\Documents\Micros\SUBTIEMPO.ASM
                  DECRE2V   0x00002e    program     static C:\Users\amf01\Documents\Micros\SUBTIEMPO.ASM
                     ST3V   0x000037    program     static C:\Users\amf01\Documents\Micros\SUBTIEMPO.ASM
                RECARGA3V   0x000039    program     static C:\Users\amf01\Documents\Micros\SUBTIEMPO.ASM
                  DECRE3V   0x00003b    program     static C:\Users\amf01\Documents\Micros\SUBTIEMPO.ASM


