MPASM  5.51                     CODIGO_P1.ASM   3-6-2024  7:49:10         PAGE  1


LOC  OBJECT CODE     LINE SOURCE TEXT
  VALUE

                      00001 
                      00002                                 INCLUDE                 <ENCABEZADO.INC>
                      00001 
                      00002                                 INCLUDE                 <ENCABEZADO.INC>
                      00003 
                      00004                                 INCLUDE                 <ENCABEZADO.INC>
                      00005 
                      00006                                 INCLUDE                 <ENCABEZADO.INC>
                      00007 
                      00008                                 INCLUDE                 <ENCABEZADO.INC>
                      00009 
Error[138]  : Include files nested too deep
                      00010                                 INCLUDE                 <ENCABEZADO.INC>
Error[113]  : Symbol not previously defined (TRISC)
Error[152]  : Executable code and data must be defined in an appropriate section
0000                  00011                                 CLRF                    TRISC
Error[113]  : Symbol not previously defined (TRISB)
Error[152]  : Executable code and data must be defined in an appropriate section
0000                  00012                                 BCF                             TRISB,7         ;SACA 0 en PORTB,7
Error[113]  : Symbol not previously defined (STATUS)
Error[113]  : Symbol not previously defined (RP0)
Error[152]  : Executable code and data must be defined in an appropriate section
0000                  00013                                 BCF                             STATUS,RP0      ;B0
Error[152]  : Executable code and data must be defined in an appropriate section
0000                  00014                                 CLRF                    0X20    
Error[152]  : Executable code and data must be defined in an appropriate section
0000                  00015                                 CLRF                    0X21
Error[152]  : Executable code and data must be defined in an appropriate section
0000                  00016                                 CLRF                    0X22    
Error[150]  : Labels must be defined in a code or data section when making an object file
Error[113]  : Symbol not previously defined (PORTA)
Error[152]  : Executable code and data must be defined in an appropriate section
0000                  00017 PUSHBUTTON:             BTFSS                   PORTA,0                 ;PORTA.0 = 1?
Error[151]  : Operand contains unresolvable labels or is too complex
Error[152]  : Executable code and data must be defined in an appropriate section
0000                  00018                                 GOTO                    PUSHBUTTON              ;SI  PORTA.0 = 0 
Error[113]  : Symbol not previously defined (PORTB)
Error[152]  : Executable code and data must be defined in an appropriate section
0000                  00019                                 MOVF                    PORTB,W                 ;SI  PORTA.0 = 1 
Error[113]  : Symbol not previously defined (PORTC)
Error[152]  : Executable code and data must be defined in an appropriate section
0000                  00020                                 MOVWF                   PORTC
Error[152]  : Executable code and data must be defined in an appropriate section
0000                  00021                                 MOVWF                   0X20                    ;ASIGNA EL VALOR DEL POR
                            TD AL REG0X20 Y PORTC, MOSTRANDOLO
                      00022                                                                         
                      00023 
Error[150]  : Labels must be defined in a code or data section when making an object file
Error[113]  : Symbol not previously defined (PORTA)
Error[152]  : Executable code and data must be defined in an appropriate section
0000                  00024 SUMA:                   BTFSS                   PORTA,1                 
Error[151]  : Operand contains unresolvable labels or is too complex
Error[152]  : Executable code and data must be defined in an appropriate section
MPASM  5.51                     CODIGO_P1.ASM   3-6-2024  7:49:10         PAGE  2


LOC  OBJECT CODE     LINE SOURCE TEXT
  VALUE

0000                  00025                                 GOTO                    SUMA                    ;SI  PORTA.1 = 0 
Error[152]  : Executable code and data must be defined in an appropriate section
0000                  00026                                 MOVF            0X20,W                  ;SI  PORTA.1 = 1 --  REG0X20 A W
                             
Error[113]  : Symbol not previously defined (PORTB)
Error[152]  : Executable code and data must be defined in an appropriate section
0000                  00027                                 ADDWF                   PORTB,W                 ;SUMA REG0X20+PORTD
Error[113]  : Symbol not previously defined (PORTC)
Error[152]  : Executable code and data must be defined in an appropriate section
0000                  00028                                 MOVWF                   PORTC                   ;PORTC=RESULTADO
Error[150]  : Labels must be defined in a code or data section when making an object file
Error[152]  : Executable code and data must be defined in an appropriate section
0000                  00029                                 GOTO                    $
                      00030                     