MPLINK 4.49, Linker
Linker Map File - Created Mon Mar 18 20:27:27 2024

                                 Section Info
                  Section       Type    Address   Location Size(Bytes)
                ---------  ---------  ---------  ---------  ---------
                   .org_0       code   0x000000    program   0x0000a8
                   .cinit    romdata   0x000054    program   0x000004
        .config_2007_P1.O       code   0x002007    program   0x000002
        .config_2008_P1.O       code   0x002008    program   0x000002



                              Program Memory Usage 
                               Start         End      
                           ---------   ---------      
                            0x000000    0x000055      
                            0x002007    0x002008      
            88 out of 8455 program addresses used, program memory utilization is 1%



                              Symbols - Sorted by Name
                     Name    Address   Location    Storage File                     
                ---------  ---------  ---------  --------- ---------                
                CONTINUAR   0x000026    program     static C:\Users\amf01\Documents\Micros\P1\p1.asm
                  DEC_DIV   0x000043    program     static C:\Users\amf01\Documents\Micros\P1\p1.asm
                DEC_MULTI   0x000030    program     static C:\Users\amf01\Documents\Micros\P1\p1.asm
                 DIVISION   0x000039    program     static C:\Users\amf01\Documents\Micros\P1\p1.asm
                    DIV_Z   0x000050    program     static C:\Users\amf01\Documents\Micros\P1\p1.asm
                      FIN   0x000053    program     static C:\Users\amf01\Documents\Micros\P1\p1.asm
           MULTIPLICACION   0x00002b    program     static C:\Users\amf01\Documents\Micros\P1\p1.asm
                 NEGATIVO   0x000028    program     static C:\Users\amf01\Documents\Micros\P1\p1.asm
               PUSHBUTTON   0x000011    program     static C:\Users\amf01\Documents\Micros\P1\p1.asm
                  RESIDUO   0x00004a    program     static C:\Users\amf01\Documents\Micros\P1\p1.asm
                    RESTA   0x00001f    program     static C:\Users\amf01\Documents\Micros\P1\p1.asm
                RESUL_DIV   0x00004c    program     static C:\Users\amf01\Documents\Micros\P1\p1.asm
                     SUMA   0x000017    program     static C:\Users\amf01\Documents\Micros\P1\p1.asm
               SUMA_MULTI   0x000037    program     static C:\Users\amf01\Documents\Micros\P1\p1.asm
             _.org_0_0053   0x000053    program     static C:\Users\amf01\Documents\Micros\P1\p1.asm



                              Symbols - Sorted by Address
                     Name    Address   Location    Storage File                     
                ---------  ---------  ---------  --------- ---------                
               PUSHBUTTON   0x000011    program     static C:\Users\amf01\Documents\Micros\P1\p1.asm
                     SUMA   0x000017    program     static C:\Users\amf01\Documents\Micros\P1\p1.asm
                    RESTA   0x00001f    program     static C:\Users\amf01\Documents\Micros\P1\p1.asm
                CONTINUAR   0x000026    program     static C:\Users\amf01\Documents\Micros\P1\p1.asm
                 NEGATIVO   0x000028    program     static C:\Users\amf01\Documents\Micros\P1\p1.asm
           MULTIPLICACION   0x00002b    program     static C:\Users\amf01\Documents\Micros\P1\p1.asm
                DEC_MULTI   0x000030    program     static C:\Users\amf01\Documents\Micros\P1\p1.asm
               SUMA_MULTI   0x000037    program     static C:\Users\amf01\Documents\Micros\P1\p1.asm
                 DIVISION   0x000039    program     static C:\Users\amf01\Documents\Micros\P1\p1.asm
                  DEC_DIV   0x000043    program     static C:\Users\amf01\Documents\Micros\P1\p1.asm
                  RESIDUO   0x00004a    program     static C:\Users\amf01\Documents\Micros\P1\p1.asm
                RESUL_DIV   0x00004c    program     static C:\Users\amf01\Documents\Micros\P1\p1.asm
                    DIV_Z   0x000050    program     static C:\Users\amf01\Documents\Micros\P1\p1.asm
                      FIN   0x000053    program     static C:\Users\amf01\Documents\Micros\P1\p1.asm
             _.org_0_0053   0x000053    program     static C:\Users\amf01\Documents\Micros\P1\p1.asm


