MPASM  5.51                        CODIGO.ASM   3-26-2024  0:14:24         PAGE  1


LOC  OBJECT CODE     LINE SOURCE TEXT
  VALUE

                      00001 
                      00002                         INCLUDE <ENCABEZADO.INC>
                      00001                         INCLUDE                 <MACROS.ASM>
                      00001 SUBT1V      MACRO       VAR1
                      00002             MOVLW       VAR1        
                      00003             MOVWF       0X60
                      00004             CALL        ST1V
                      00005             ENDM
                      00006  ;-------------------------------------------
Warning[207]: Found label after column 1. (SUBT2V)
                      00007  SUBT2V     MACRO       VAR1,VAR2
                      00008             MOVLW       VAR2    
                      00009             MOVWF       0X61
                      00010             MOVLW       VAR1    
                      00011             MOVWF       0X62
                      00012             CALL        ST2V
                      00013             ENDM
                      00014 ;-------------------------------------------
                      00015 SUBT3V      MACRO       VAR1,VAR2,VAR3
                      00016             MOVLW       VAR1    
                      00017             MOVWF       0X64
                      00018             MOVLW       VAR2    
                      00019             MOVWF       0X65
                      00020             MOVLW       VAR3    
                      00021             MOVWF       0X66
                      00022             CALL        ST3V
                      00023             ENDM
                      00024 ;-----------------------------------------
                      00025 PUSH_ANTIR  MACRO   PUERTO,PIN
                      00026             BTFSS   PUERTO,PIN
                      00027             GOTO    $-1
                      00028             CALL    T25MS
                      00029             BTFSC   PUERTO,PIN
                      00030             GOTO    $-1
                      00031             CALL    T25MS
                      00032             ENDM
                      00033 ;----------------------------------
                      00034 SUBT25MS    MACRO   
                      00035 T25MS:      SUBT3V
                      00036             RETURN
                      00037             ENDM       
                      00038 
                      00039 ;----------------------------------
                      00040 RANGOS              MACRO           RANGO,PIN
                      00041                     MOVF            0X21,W              ;0<= dato <= 60
                      00042                     SUBLW           RANGO
                      00043                     BTFSS           STATUS,C            ;ES NEGATIVO? (MAYOR A 60)
                      00044                     GOTO            $+8                 ;SI    
                      00045                     GOTO            $+1
                      00046                     BTFSS           PORTB,PIN             ;ENVIA 1 CUANDO DETECTA IMAN 
                      00047                     GOTO            $+3
                      00048                     BCF             PORTA,7
                      00049                     GOTO            $+3
MPASM  5.51                        CODIGO.ASM   3-26-2024  0:14:24         PAGE  2


LOC  OBJECT CODE     LINE SOURCE TEXT
  VALUE

                      00050                     BSF             PORTA,7
                      00051                     GOTO            $-5
                      00052                     ENDM
                      00002                         PROCESSOR               16F887
2007   23E4           00003                         __CONFIG                0X2007,23E4
2008   3FFF           00004                         __CONFIG                0X2008,3FFF
                      00005                         INCLUDE                 <P16F887.INC>
                      00001         LIST
                      00002 
                      00003 ;==========================================================================
                      00004 ;  MPASM PIC16F887 processor include
                      00005 ; 
                      00006 ;  (c) Copyright 1999-2013 Microchip Technology, All rights reserved
                      00007 ;==========================================================================
                      00008 
                      00809         LIST
                      00006                         ORG                     0X0000
                      00007                         
0000   0185           00008                         CLRF                    PORTA
0001   0186           00009                         CLRF                    PORTB
0002   0187           00010                         CLRF                    PORTC
0003   0188           00011                         CLRF                    PORTD
0004   0189           00012                         CLRF                    PORTE
0005   1683           00013                         BSF                     STATUS,RP0
0006   1703           00014                         BSF                     STATUS,RP1      ;B3
Message[302]: Register in operand not in bank 0.  Ensure that bank bits are correct.
0007   0188           00015                         CLRF                    ANSEL
Message[302]: Register in operand not in bank 0.  Ensure that bank bits are correct.
0008   0189           00016                         CLRF                    ANSELH
0009   1303           00017                         BCF                     STATUS,RP1      ;B1
                      00003 
                      00004 ;DEFINIMOS LAS SALIDAS DEL MICROCONTROLADOR
Message[302]: Register in operand not in bank 0.  Ensure that bank bits are correct.
000A   0187           00005                         CLRF            TRISC                   ;PORTC SALIDA 
Message[302]: Register in operand not in bank 0.  Ensure that bank bits are correct.
000B   1086           00006                         BCF                     TRISB,1         
000C   1283           00007                         BCF                     STATUS,RP0              ;B0
                      00008                         
                      00009                 
                      00010 
                      00011 ;*********************************************************************************************
                      00012 ;DECLARACION DE REGISTROS A EMPLEAR
Warning[207]: Found label after column 1. (VAR_ACTUAL)
  00000020            00013                         VAR_ACTUAL      EQU             0X20    ;VALOR DE INTENSIDAD ACTUAL     
                      00014 
Warning[207]: Found label after column 1. (VAR_DIP)
  00000021            00015                         VAR_DIP         EQU             0X21    ;VALOR EN 
                      00016                                                                                 
                      00017                         
                      00018 ;REGISTROS DE APOYO PARA SABER LA DIFERENCIA ENTRE LA POSCION ACTUAL Y LA POSTERIOR
                      00019                         
                      00020 
                      00021 ;******************************************************************************************
MPASM  5.51                        CODIGO.ASM   3-26-2024  0:14:24         PAGE  3


LOC  OBJECT CODE     LINE SOURCE TEXT
  VALUE

                      00022 ;INCREMENTO: PUSH_ANTIR  PORTB,0         ;SI SE PRESIONA PB0 SE INCREMENTA EL VALOR ACTUAL 
                      00023             ;INCF        VAR_ACTUAL
                      00024 
000D   01A0           00025             CLRF            VAR_ACTUAL  ;SE INCICIA EN 00 VALOR ACTUAL
                      00026 
000E   2???           00027             GOTO            NIVEL8
                      00028 
000F   1C06           00029 INCREMENTO: BTFSS           PORTB,0     ;SI SE PRESIONA PB0 INCREMENTA EL VALOR ACTUAL 
0010   2???           00030             GOTO            DECREMENTO
0011   2???           00031             CALL            T25MS
0012   1806           00032             BTFSC           PORTB,0
0013   2???           00033             GOTO            $-1
0014   2???           00034             CALL            T25MS
0015   0AA0           00035             INCF            VAR_ACTUAL,F
                      00036 
0016   0820           00037             MOVF            VAR_ACTUAL,W;SACA LO QUE TIENE VAR_ACTUAL
0017   0087           00038             MOVWF           PORTC       ;CARGALO EN PORTC
                      00039 
0018   2???           00040             GOTO            DECREMENTO
                      00041 
0019   1C86           00042 DECREMENTO: BTFSS           PORTB,1     ;SI SE PRESIONA PB1 DECREMENTA EL VALOR ACTUAL 
001A   2???           00043             GOTO            LEER_DIP
001B   2???           00044             CALL            T25MS
001C   1886           00045             BTFSC           PORTB,1
001D   2???           00046             GOTO            $-1
001E   2???           00047             CALL            T25MS
001F   03A0           00048             DECF            VAR_ACTUAL,F;DECREMENTA EN UNO AL VALOR ACTUAL 
                      00049             
0020   0820           00050             MOVF            VAR_ACTUAL,W;SACA LO QUE TIENE VAR_ACTUAL
0021   0087           00051             MOVWF           PORTC       ;CARGALO EN PORTC
                      00052 
0022   2???           00053             GOTO            LEER_DIP
                      00054 
0023   1D06           00055 LEER_DIP:   BTFSS           PORTB,2     ;SI SE PRESIONA PB2 SE LEE PORTD Y SE ACTUALIZA EL VALOR ACTUAL 
0024   2???           00056             GOTO            INCREMENTO
0025   2???           00057             CALL            T25MS
0026   1906           00058             BTFSC           PORTB,2
0027   2???           00059             GOTO            $-1
0028   2???           00060             CALL            T25MS
0029   0808           00061             MOVF            PORTD,W     ;LEE PORTD Y SE CARGA EN W   
002A   00A0           00062             MOVWF           VAR_ACTUAL  ;SE ACTUALIZA VAR_ACTUAL
                      00063 
002B   0087           00064             MOVWF           PORTC       ;SE ACTUALIZA PORTC
                      00065 
002C   2???           00066             GOTO            INCREMENTO
                      00067 
                      00068 
                      00069 
                      00070 
002D   0820           00071 SEL_NIVEL:  MOVF            VAR_ACTUAL,W    ;EXTRAE VALOR ACTUAL    SELECCIONA EL NIVEL DE INTENSIDAD LU
                            MINICA    
002E   3C01           00072             SUBLW           .1              ;K-W -->> W     1 - VAR_ACTUAL-->>W
002F   1D03           00073             BTFSS           STATUS,Z        ;EL RESULTADO ES CERO
MPASM  5.51                        CODIGO.ASM   3-26-2024  0:14:24         PAGE  4


LOC  OBJECT CODE     LINE SOURCE TEXT
  VALUE

0030   2???           00074             GOTO            NIVEL1          ;
                      00075             
0031   0820           00076             MOVF            VAR_ACTUAL,W    ;EXTRAE VALOR ACTUAL     
0032   3C02           00077             SUBLW           .2              ;K-W -->> W     2 - VAR_ACTUAL-->>W
0033   1D03           00078             BTFSS           STATUS,Z        ;EL RESULTADO ES CERO
0034   2???           00079             GOTO            NIVEL2          ;
                      00080             
0035   0820           00081             MOVF            VAR_ACTUAL,W    ;EXTRAE VALOR ACTUAL     
0036   3C03           00082             SUBLW           .3              ;K-W -->> W     2 - VAR_ACTUAL-->>W
0037   1D03           00083             BTFSS           STATUS,Z        ;EL RESULTADO ES CERO
0038   2???           00084             GOTO            NIVEL3          ;
                      00085             
                      00086 
                      00087 
                      00088 ;----------------------NIVELES PWM-------------------------
                      00089 
0039   1586           00090 NIVEL1:     BSF                         PORTB,3         ;
                      00091                      SUBT3V                     .3,.1,.1
003A   3003               M             MOVLW       .3      
003B   00E4               M             MOVWF       0X64
003C   3001               M             MOVLW       .1      
003D   00E5               M             MOVWF       0X65
003E   3001               M             MOVLW       .1      
003F   00E6               M             MOVWF       0X66
0040   2???               M             CALL        ST3V
0041   1186           00092                     BCF                         PORTB,3
                      00093                      SUBT2V                     .1,.70
0042   3046               M             MOVLW       .70     
0043   00E1               M             MOVWF       0X61
0044   3001               M             MOVLW       .1      
0045   00E2               M             MOVWF       0X62
0046   2???               M             CALL        ST2V
0047   2???           00094                     GOTO                        NIVEL1  
                      00095 
0048   1586           00096 NIVEL2:     BSF                         PORTB,3         ;
                      00097                      SUBT3V                     .1,.0,.24   ;CHECAR
0049   3001               M             MOVLW       .1      
004A   00E4               M             MOVWF       0X64
004B   3000               M             MOVLW       .0      
004C   00E5               M             MOVWF       0X65
004D   3018               M             MOVLW       .24     
004E   00E6               M             MOVWF       0X66
004F   2???               M             CALL        ST3V
0050   1186           00098                     BCF                         PORTB,3
                      00099                      SUBT2V                     .1,.65  
0051   3041               M             MOVLW       .65     
0052   00E1               M             MOVWF       0X61
0053   3001               M             MOVLW       .1      
0054   00E2               M             MOVWF       0X62
0055   2???               M             CALL        ST2V
0056   2???           00100                     GOTO                        NIVEL2  
                      00101 
0057   1586           00102 NIVEL3:     BSF                         PORTB,3         ;
MPASM  5.51                        CODIGO.ASM   3-26-2024  0:14:24         PAGE  5


LOC  OBJECT CODE     LINE SOURCE TEXT
  VALUE

                      00103                      SUBT2V                     .7,.3
0058   3003               M             MOVLW       .3      
0059   00E1               M             MOVWF       0X61
005A   3007               M             MOVLW       .7      
005B   00E2               M             MOVWF       0X62
005C   2???               M             CALL        ST2V
005D   1186           00104                     BCF                         PORTB,3
                      00105                      SUBT2V                     .0,.164     ;CHECAR
005E   30A4               M             MOVLW       .164    
005F   00E1               M             MOVWF       0X61
0060   3000               M             MOVLW       .0      
0061   00E2               M             MOVWF       0X62
0062   2???               M             CALL        ST2V
0063   2???           00106                     GOTO                        NIVEL3  
                      00107 
0064   1586           00108 NIVEL4:     BSF                         PORTB,3         ;
                      00109                      SUBT3V                     .1,.1,.19
0065   3001               M             MOVLW       .1      
0066   00E4               M             MOVWF       0X64
0067   3001               M             MOVLW       .1      
0068   00E5               M             MOVWF       0X65
0069   3013               M             MOVLW       .19     
006A   00E6               M             MOVWF       0X66
006B   2???               M             CALL        ST3V
006C   1186           00110                     BCF                         PORTB,3
                      00111                      SUBT2V                     .0,.151     ;CHECAR
006D   3097               M             MOVLW       .151    
006E   00E1               M             MOVWF       0X61
006F   3000               M             MOVLW       .0      
0070   00E2               M             MOVWF       0X62
0071   2???               M             CALL        ST2V
0072   2???           00112                     GOTO                        NIVEL4                 
                      00113 
0073   1586           00114 NIVEL5:     BSF                         PORTB,3         ;
                      00115                      SUBT2V                     .2,.15
0074   300F               M             MOVLW       .15     
0075   00E1               M             MOVWF       0X61
0076   3002               M             MOVLW       .2      
0077   00E2               M             MOVWF       0X62
0078   2???               M             CALL        ST2V
0079   1186           00116                     BCF                         PORTB,3
                      00117                      SUBT2V                     .0,.137     ;CHECAR
007A   3089               M             MOVLW       .137    
007B   00E1               M             MOVWF       0X61
007C   3000               M             MOVLW       .0      
007D   00E2               M             MOVWF       0X62
007E   2???               M             CALL        ST2V
007F   2???           00118                     GOTO                        NIVEL5
                      00119 
0080   1586           00120 NIVEL6:     BSF                         PORTB,3         ;
                      00121                      SUBT2V                     .46,.1
0081   3001               M             MOVLW       .1      
0082   00E1               M             MOVWF       0X61
MPASM  5.51                        CODIGO.ASM   3-26-2024  0:14:24         PAGE  6


LOC  OBJECT CODE     LINE SOURCE TEXT
  VALUE

0083   302E               M             MOVLW       .46     
0084   00E2               M             MOVWF       0X62
0085   2???               M             CALL        ST2V
0086   1186           00122                     BCF                         PORTB,3
                      00123                      SUBT3V                     .1,.69,.1           ;
0087   3001               M             MOVLW       .1      
0088   00E4               M             MOVWF       0X64
0089   3045               M             MOVLW       .69     
008A   00E5               M             MOVWF       0X65
008B   3001               M             MOVLW       .1      
008C   00E6               M             MOVWF       0X66
008D   2???               M             CALL        ST3V
008E   2???           00124                     GOTO                        NIVEL6                 
                      00125 
008F   1586           00126 NIVEL7:     BSF                         PORTB,3         ;
                      00127                      SUBT3V                     .1,.3,.15
0090   3001               M             MOVLW       .1      
0091   00E4               M             MOVWF       0X64
0092   3003               M             MOVLW       .3      
0093   00E5               M             MOVWF       0X65
0094   300F               M             MOVLW       .15     
0095   00E6               M             MOVWF       0X66
0096   2???               M             CALL        ST3V
0097   1186           00128                     BCF                         PORTB,3
                      00129                      SUBT3V                     .1,.61,.1           ;
0098   3001               M             MOVLW       .1      
0099   00E4               M             MOVWF       0X64
009A   303D               M             MOVLW       .61     
009B   00E5               M             MOVWF       0X65
009C   3001               M             MOVLW       .1      
009D   00E6               M             MOVWF       0X66
009E   2???               M             CALL        ST3V
009F   2???           00130                     GOTO                        NIVEL7                 
                      00131 
00A0   1586           00132 NIVEL8:     BSF                         PORTB,3         ;
                      00133                      SUBT3V                     .1,.61,.1
00A1   3001               M             MOVLW       .1      
00A2   00E4               M             MOVWF       0X64
00A3   303D               M             MOVLW       .61     
00A4   00E5               M             MOVWF       0X65
00A5   3001               M             MOVLW       .1      
00A6   00E6               M             MOVWF       0X66
00A7   2???               M             CALL        ST3V
00A8   1186           00134                     BCF                         PORTB,3
                      00135                      SUBT3V                     .1,.3,.15           ;
00A9   3001               M             MOVLW       .1      
00AA   00E4               M             MOVWF       0X64
00AB   3003               M             MOVLW       .3      
00AC   00E5               M             MOVWF       0X65
00AD   300F               M             MOVLW       .15     
00AE   00E6               M             MOVWF       0X66
00AF   2???               M             CALL        ST3V
00B0   2???           00136                     GOTO                        NIVEL8                 
MPASM  5.51                        CODIGO.ASM   3-26-2024  0:14:24         PAGE  7


LOC  OBJECT CODE     LINE SOURCE TEXT
  VALUE

                      00137 
00B1   1586           00138 NIVEL9:     BSF                         PORTB,3         ;
                      00139                      SUBT3V                     .1,.69,.1
00B2   3001               M             MOVLW       .1      
00B3   00E4               M             MOVWF       0X64
00B4   3045               M             MOVLW       .69     
00B5   00E5               M             MOVWF       0X65
00B6   3001               M             MOVLW       .1      
00B7   00E6               M             MOVWF       0X66
00B8   2???               M             CALL        ST3V
00B9   1186           00140                     BCF                         PORTB,3
                      00141                      SUBT2V                     .46,.1      ;
00BA   3001               M             MOVLW       .1      
00BB   00E1               M             MOVWF       0X61
00BC   302E               M             MOVLW       .46     
00BD   00E2               M             MOVWF       0X62
00BE   2???               M             CALL        ST2V
00BF   2???           00142                     GOTO                        NIVEL9                 
00C0   1586           00143 NIVEL10:        BSF                             PORTB,3         ;
                      00144                      SUBT2V                     .0,.137     ;CHECAR
00C1   3089               M             MOVLW       .137    
00C2   00E1               M             MOVWF       0X61
00C3   3000               M             MOVLW       .0      
00C4   00E2               M             MOVWF       0X62
00C5   2???               M             CALL        ST2V
00C6   1186           00145                     BCF                         PORTB,3
                      00146                      SUBT2V                     .2,.15      ;
00C7   300F               M             MOVLW       .15     
00C8   00E1               M             MOVWF       0X61
00C9   3002               M             MOVLW       .2      
00CA   00E2               M             MOVWF       0X62
00CB   2???               M             CALL        ST2V
00CC   2???           00147                     GOTO                        NIVEL10           
                      00148 
00CD   1586           00149 NIVEL11:        BSF                             PORTB,3         ;
                      00150                      SUBT2V                     .0,.151     ;CHECAR
00CE   3097               M             MOVLW       .151    
00CF   00E1               M             MOVWF       0X61
00D0   3000               M             MOVLW       .0      
00D1   00E2               M             MOVWF       0X62
00D2   2???               M             CALL        ST2V
00D3   1186           00151                     BCF                         PORTB,3
                      00152                      SUBT3V                     .1,.1,.19           ;
00D4   3001               M             MOVLW       .1      
00D5   00E4               M             MOVWF       0X64
00D6   3001               M             MOVLW       .1      
00D7   00E5               M             MOVWF       0X65
00D8   3013               M             MOVLW       .19     
00D9   00E6               M             MOVWF       0X66
00DA   2???               M             CALL        ST3V
00DB   2???           00153                     GOTO                        NIVEL11            
                      00154 
00DC   1586           00155 NIVEL12:        BSF                             PORTB,3         ;
MPASM  5.51                        CODIGO.ASM   3-26-2024  0:14:24         PAGE  8


LOC  OBJECT CODE     LINE SOURCE TEXT
  VALUE

                      00156                      SUBT3V                     .1,.0,.163  ;CHECAR
00DD   3001               M             MOVLW       .1      
00DE   00E4               M             MOVWF       0X64
00DF   3000               M             MOVLW       .0      
00E0   00E5               M             MOVWF       0X65
00E1   30A3               M             MOVLW       .163    
00E2   00E6               M             MOVWF       0X66
00E3   2???               M             CALL        ST3V
00E4   1186           00157                     BCF                         PORTB,3
                      00158                      SUBT2V                     .7,.3       ;
00E5   3003               M             MOVLW       .3      
00E6   00E1               M             MOVWF       0X61
00E7   3007               M             MOVLW       .7      
00E8   00E2               M             MOVWF       0X62
00E9   2???               M             CALL        ST2V
00EA   2???           00159                     GOTO                        NIVEL12                
                      00160 
00EB   1586           00161 NIVEL13:        BSF                             PORTB,3         ;
                      00162                      SUBT2V                     .1,.65
00EC   3041               M             MOVLW       .65     
00ED   00E1               M             MOVWF       0X61
00EE   3001               M             MOVLW       .1      
00EF   00E2               M             MOVWF       0X62
00F0   2???               M             CALL        ST2V
00F1   1186           00163                     BCF                         PORTB,3
                      00164                      SUBT2V                     .0,.26      ;CHECAR
00F2   301A               M             MOVLW       .26     
00F3   00E1               M             MOVWF       0X61
00F4   3000               M             MOVLW       .0      
00F5   00E2               M             MOVWF       0X62
00F6   2???               M             CALL        ST2V
00F7   2???           00165                     GOTO                        NIVEL13                
                      00166 
00F8   1586           00167 NIVEL14:        BSF                             PORTB,3         ;
                      00168                      SUBT2V                     .1,.70
00F9   3046               M             MOVLW       .70     
00FA   00E1               M             MOVWF       0X61
00FB   3001               M             MOVLW       .1      
00FC   00E2               M             MOVWF       0X62
00FD   2???               M             CALL        ST2V
00FE   1186           00169                     BCF                         PORTB,3
                      00170                      SUBT3V                     .3,.1,.1            ;
00FF   3003               M             MOVLW       .3      
0100   00E4               M             MOVWF       0X64
0101   3001               M             MOVLW       .1      
0102   00E5               M             MOVWF       0X65
0103   3001               M             MOVLW       .1      
0104   00E6               M             MOVWF       0X66
0105   2???               M             CALL        ST3V
0106   2???           00171                     GOTO                        NIVEL14                
                      00172 
0107   1586           00173 NIVEL15:        BSF                             PORTB,3         ;
0108   2???           00174                     GOTO                        NIVEL15                
MPASM  5.51                        CODIGO.ASM   3-26-2024  0:14:24         PAGE  9


LOC  OBJECT CODE     LINE SOURCE TEXT
  VALUE

                      00175 
                      00176 
                      00177 
                      00178 ;---------------------TIEMPOS--------------
0109   3003           00179 T25MS:                  MOVLW           .3   ;VAR1
010A   00E4           00180                         MOVWF           0X64
010B   302F           00181                         MOVLW           .47   ;VAR2
010C   00E5           00182                         MOVWF           0X65
010D   3019           00183                         MOVLW           .25   ;VAR3
010E   00E6           00184                         MOVWF           0X66
010F   0008           00185                         RETURN
0110   2???           00186                         CALL            ST3V
                      00187 
0111   2???           00188 FIN:        GOTO        $
                      00189 
                      00190 
                      00191 
                      00192             INCLUDE         <SUBTIEMPO.ASM>
                      00001 ;           MOVLW       .   ;VAR2
                      00002 ;           MOVWF       0X61
                      00003 ;           MOVLW       .   ;VAR1
                      00004 ;           MOVWF       0X62
                      00005 ;           CALL        ST2V
                      00006 ;-------------------------------------------
                      00007 ;           MOVLW       .   ;VAR1
                      00008 ;           MOVWF       0X64
                      00009 ;           MOVLW       .   ;VAR2
                      00010 ;           MOVWF       0X65
                      00011 ;           MOVLW       .   ;VAR3
                      00012 ;           MOVWF       0X66
                      00013 ;           CALL        ST3V
                      00014 ;-------------------------------------------
                      00015 ;SUBRUTINA DE TIMEPO DE UNA VARIABLE 
0112   0000           00016 ST1V:       NOP
0113   0000           00017             NOP
0114   0000           00018             NOP
0115   0000           00019             NOP
0116   0BE0           00020             DECFSZ      0X60,F
0117   2???           00021             GOTO        ST1V
0118   0008           00022             RETURN
                      00023 ;-------------------------------------------
                      00024 ;SUBRUTINA DE TIEMPO DE DOS VARIABLES 
0119   0862           00025 ST2V:       MOVF       0X62,W
011A   00E3           00026             MOVWF      0X63
011B   0000           00027 DECRE2V:    NOP
011C   0000           00028             NOP
011D   0000           00029             NOP
011E   0000           00030             NOP
011F   0BE3           00031             DECFSZ      0X63,F
0120   2???           00032             GOTO        DECRE2V
0121   0BE1           00033             DECFSZ      0X61,F
0122   2???           00034             GOTO        ST2V
0123   0008           00035             RETURN
MPASM  5.51                        CODIGO.ASM   3-26-2024  0:14:24         PAGE 10


LOC  OBJECT CODE     LINE SOURCE TEXT
  VALUE

                      00036 ;------------------------------------------
                      00037 ;SUBRUTINA DE TIEMPO DE TRES VARIABLES
0124   0866           00038 ST3V:       MOVF        0X66,W
0125   00E7           00039             MOVWF       0X67
0126   0865           00040 RECARGA3V:  MOVF        0X65,W
0127   00E8           00041             MOVWF       0X68
0128   0000           00042 DECRE3V:    NOP
0129   0000           00043             NOP
012A   0000           00044             NOP
012B   0000           00045             NOP
012C   0BE8           00046             DECFSZ      0X68,F
012D   2???           00047             GOTO        DECRE3V
012E   0BE7           00048             DECFSZ      0X67,F
012F   2???           00049             GOTO        RECARGA3V
0130   0BE4           00050             DECFSZ      0X64,F
0131   2???           00051             GOTO        ST3V
0132   0008           00052             RETURN
                      00053 
                      00054 
23E4 3FFF             00193             END             
MPASM  5.51                        CODIGO.ASM   3-26-2024  0:14:24         PAGE 11


SYMBOL TABLE
  LABEL                             VALUE 

ABDEN                             00000000
ABDOVF                            00000007
ACKDT                             00000005
ACKEN                             00000004
ACKSTAT                           00000006
ADCON0                            0000001F
ADCON1                            0000009F
ADCS0                             00000006
ADCS1                             00000007
ADDEN                             00000003
ADFM                              00000007
ADIE                              00000006
ADIF                              00000006
ADON                              00000000
ADRESH                            0000001E
ADRESL                            0000009E
ANS0                              00000000
ANS1                              00000001
ANS10                             00000002
ANS11                             00000003
ANS12                             00000004
ANS13                             00000005
ANS2                              00000002
ANS3                              00000003
ANS4                              00000004
ANS5                              00000005
ANS6                              00000006
ANS7                              00000007
ANS8                              00000000
ANS9                              00000001
ANSEL                             00000188
ANSELH                            00000189
BAUDCTL                           00000187
BCLIE                             00000003
BCLIF                             00000003
BF                                00000000
BRG0                              00000000
BRG1                              00000001
BRG10                             00000002
BRG11                             00000003
BRG12                             00000004
BRG13                             00000005
BRG14                             00000006
BRG15                             00000007
BRG16                             00000003
BRG2                              00000002
BRG3                              00000003
BRG4                              00000004
BRG5                              00000005
BRG6                              00000006
BRG7                              00000007
BRG8                              00000000
BRG9                              00000001
MPASM  5.51                        CODIGO.ASM   3-26-2024  0:14:24         PAGE 12


SYMBOL TABLE
  LABEL                             VALUE 

BRGH                              00000002
C                                 00000000
C1CH0                             00000000
C1CH1                             00000001
C1IE                              00000005
C1IF                              00000005
C1OE                              00000005
C1ON                              00000007
C1OUT                             00000006
C1POL                             00000004
C1R                               00000002
C1RSEL                            00000005
C1SEN                             00000005
C2CH0                             00000000
C2CH1                             00000001
C2IE                              00000006
C2IF                              00000006
C2OE                              00000005
C2ON                              00000007
C2OUT                             00000006
C2POL                             00000004
C2R                               00000002
C2REN                             00000004
C2RSEL                            00000004
C2SYNC                            00000000
CCP1CON                           00000017
CCP1IE                            00000002
CCP1IF                            00000002
CCP1M0                            00000000
CCP1M1                            00000001
CCP1M2                            00000002
CCP1M3                            00000003
CCP1X                             00000005
CCP1Y                             00000004
CCP2CON                           0000001D
CCP2IE                            00000000
CCP2IF                            00000000
CCP2M0                            00000000
CCP2M1                            00000001
CCP2M2                            00000002
CCP2M3                            00000003
CCP2X                             00000005
CCP2Y                             00000004
CCPR1                             00000015
CCPR1H                            00000016
CCPR1L                            00000015
CCPR2                             0000001B
CCPR2H                            0000001C
CCPR2L                            0000001B
CHS0                              00000002
CHS1                              00000003
CHS2                              00000004
CHS3                              00000005
MPASM  5.51                        CODIGO.ASM   3-26-2024  0:14:24         PAGE 13


SYMBOL TABLE
  LABEL                             VALUE 

CKE                               00000006
CKP                               00000004
CM1CON0                           00000107
CM2CON0                           00000108
CM2CON1                           00000109
CREN                              00000004
CSRC                              00000007
D                                 00000005
DATA_ADDRESS                      00000005
DC                                00000001
DC1B0                             00000004
DC1B1                             00000005
DC2B0                             00000004
DC2B1                             00000005
DECRE2V                           0000011B
DECRE3V                           00000128
DECREMENTO                        00000019
D_A                               00000005
D_NOT_A                           00000005
ECCPAS                            0000009C
ECCPAS0                           00000004
ECCPAS1                           00000005
ECCPAS2                           00000006
ECCPASE                           00000007
EEADR                             0000010D
EEADRH                            0000010F
EECON1                            0000018C
EECON2                            0000018D
EEDAT                             0000010C
EEDATA                            0000010C
EEDATH                            0000010E
EEIE                              00000004
EEIF                              00000004
EEPGD                             00000007
F                                 00000001
FERR                              00000002
FIN                               00000111
FSR                               00000004
FVREN                             00000000
GCEN                              00000007
GIE                               00000007
GO                                00000001
GO_DONE                           00000001
GO_NOT_DONE                       00000001
HTS                               00000002
I2C_DATA                          00000005
I2C_READ                          00000002
I2C_START                         00000003
I2C_STOP                          00000004
INCREMENTO                        0000000F
INDF                              00000000
INTCON                            0000000B
INTE                              00000004
MPASM  5.51                        CODIGO.ASM   3-26-2024  0:14:24         PAGE 14


SYMBOL TABLE
  LABEL                             VALUE 

INTEDG                            00000006
INTF                              00000001
IOCB                              00000096
IOCB0                             00000000
IOCB1                             00000001
IOCB2                             00000002
IOCB3                             00000003
IOCB4                             00000004
IOCB5                             00000005
IOCB6                             00000006
IOCB7                             00000007
IRCF0                             00000004
IRCF1                             00000005
IRCF2                             00000006
IRP                               00000007
LEER_DIP                          00000023
LTS                               00000001
MC1OUT                            00000007
MC2OUT                            00000006
MSK                               00000093
MSK0                              00000000
MSK1                              00000001
MSK2                              00000002
MSK3                              00000003
MSK4                              00000004
MSK5                              00000005
MSK6                              00000006
MSK7                              00000007
NIVEL1                            00000039
NIVEL10                           000000C0
NIVEL11                           000000CD
NIVEL12                           000000DC
NIVEL13                           000000EB
NIVEL14                           000000F8
NIVEL15                           00000107
NIVEL2                            00000048
NIVEL3                            00000057
NIVEL4                            00000064
NIVEL5                            00000073
NIVEL6                            00000080
NIVEL7                            0000008F
NIVEL8                            000000A0
NIVEL9                            000000B1
NOT_A                             00000005
NOT_ADDRESS                       00000005
NOT_BO                            00000000
NOT_BOR                           00000000
NOT_DONE                          00000001
NOT_PD                            00000003
NOT_POR                           00000001
NOT_RBPU                          00000007
NOT_RC8                           00000006
NOT_T1SYNC                        00000002
MPASM  5.51                        CODIGO.ASM   3-26-2024  0:14:24         PAGE 15


SYMBOL TABLE
  LABEL                             VALUE 

NOT_TO                            00000004
NOT_TX8                           00000006
NOT_W                             00000002
NOT_WRITE                         00000002
OERR                              00000001
OPTION_REG                        00000081
OSCCON                            0000008F
OSCTUNE                           00000090
OSFIE                             00000007
OSFIF                             00000007
OSTS                              00000003
P                                 00000004
P1M0                              00000006
P1M1                              00000007
PCL                               00000002
PCLATH                            0000000A
PCON                              0000008E
PDC0                              00000000
PDC1                              00000001
PDC2                              00000002
PDC3                              00000003
PDC4                              00000004
PDC5                              00000005
PDC6                              00000006
PEIE                              00000006
PEN                               00000002
PIE1                              0000008C
PIE2                              0000008D
PIR1                              0000000C
PIR2                              0000000D
PORTA                             00000005
PORTB                             00000006
PORTC                             00000007
PORTD                             00000008
PORTE                             00000009
PR2                               00000092
PRSEN                             00000007
PS0                               00000000
PS1                               00000001
PS2                               00000002
PSA                               00000003
PSSAC0                            00000002
PSSAC1                            00000003
PSSBD0                            00000000
PSSBD1                            00000001
PSTRCON                           0000009D
PULSR                             00000002
PULSS                             00000003
PUSH_ANTIR                        
PWM1CON                           0000009B
R                                 00000002
RA0                               00000000
RA1                               00000001
MPASM  5.51                        CODIGO.ASM   3-26-2024  0:14:24         PAGE 16


SYMBOL TABLE
  LABEL                             VALUE 

RA2                               00000002
RA3                               00000003
RA4                               00000004
RA5                               00000005
RA6                               00000006
RA7                               00000007
RANGOS                            
RB0                               00000000
RB1                               00000001
RB2                               00000002
RB3                               00000003
RB4                               00000004
RB5                               00000005
RB6                               00000006
RB7                               00000007
RBIE                              00000003
RBIF                              00000000
RC0                               00000000
RC1                               00000001
RC2                               00000002
RC3                               00000003
RC4                               00000004
RC5                               00000005
RC6                               00000006
RC7                               00000007
RC8_9                             00000006
RC9                               00000006
RCD8                              00000000
RCEN                              00000003
RCIDL                             00000006
RCIE                              00000005
RCIF                              00000005
RCREG                             0000001A
RCSTA                             00000018
RD                                00000000
RD0                               00000000
RD1                               00000001
RD2                               00000002
RD3                               00000003
RD4                               00000004
RD5                               00000005
RD6                               00000006
RD7                               00000007
RE0                               00000000
RE1                               00000001
RE2                               00000002
RE3                               00000003
READ_WRITE                        00000002
RECARGA3V                         00000126
RP0                               00000005
RP1                               00000006
RSEN                              00000001
RX9                               00000006
MPASM  5.51                        CODIGO.ASM   3-26-2024  0:14:24         PAGE 17


SYMBOL TABLE
  LABEL                             VALUE 

RX9D                              00000000
R_NOT_W                           00000002
R_W                               00000002
S                                 00000003
SBOREN                            00000004
SCKP                              00000004
SCS                               00000000
SEL_NIVEL                         0000002D
SEN                               00000000
SENDB                             00000003
SMP                               00000007
SPBRG                             00000099
SPBRGH                            0000009A
SPEN                              00000007
SR0                               00000006
SR1                               00000007
SRCON                             00000185
SREN                              00000005
SSPADD                            00000093
SSPBUF                            00000013
SSPCON                            00000014
SSPCON2                           00000091
SSPEN                             00000005
SSPIE                             00000003
SSPIF                             00000003
SSPM0                             00000000
SSPM1                             00000001
SSPM2                             00000002
SSPM3                             00000003
SSPMSK                            00000093
SSPOV                             00000006
SSPSTAT                           00000094
ST1V                              00000112
ST2V                              00000119
ST3V                              00000124
STATUS                            00000003
STRA                              00000000
STRB                              00000001
STRC                              00000002
STRD                              00000003
STRSYNC                           00000004
SUBT1V                            
SUBT25MS                          
SUBT2V                            
SUBT3V                            
SWDTEN                            00000000
SYNC                              00000004
T0CS                              00000005
T0IE                              00000005
T0IF                              00000002
T0SE                              00000004
T1CKPS0                           00000004
T1CKPS1                           00000005
MPASM  5.51                        CODIGO.ASM   3-26-2024  0:14:24         PAGE 18


SYMBOL TABLE
  LABEL                             VALUE 

T1CON                             00000010
T1GINV                            00000007
T1GIV                             00000007
T1GSS                             00000001
T1INSYNC                          00000002
T1OSCEN                           00000003
T1SYNC                            00000002
T25MS                             00000109
T2CKPS0                           00000000
T2CKPS1                           00000001
T2CON                             00000012
TMR0                              00000001
TMR0IE                            00000005
TMR0IF                            00000002
TMR1                              0000000E
TMR1CS                            00000001
TMR1GE                            00000006
TMR1H                             0000000F
TMR1IE                            00000000
TMR1IF                            00000000
TMR1L                             0000000E
TMR1ON                            00000000
TMR2                              00000011
TMR2IE                            00000001
TMR2IF                            00000001
TMR2ON                            00000002
TOUTPS0                           00000003
TOUTPS1                           00000004
TOUTPS2                           00000005
TOUTPS3                           00000006
TRISA                             00000085
TRISA0                            00000000
TRISA1                            00000001
TRISA2                            00000002
TRISA3                            00000003
TRISA4                            00000004
TRISA5                            00000005
TRISA6                            00000006
TRISA7                            00000007
TRISB                             00000086
TRISB0                            00000000
TRISB1                            00000001
TRISB2                            00000002
TRISB3                            00000003
TRISB4                            00000004
TRISB5                            00000005
TRISB6                            00000006
TRISB7                            00000007
TRISC                             00000087
TRISC0                            00000000
TRISC1                            00000001
TRISC2                            00000002
TRISC3                            00000003
MPASM  5.51                        CODIGO.ASM   3-26-2024  0:14:24         PAGE 19


SYMBOL TABLE
  LABEL                             VALUE 

TRISC4                            00000004
TRISC5                            00000005
TRISC6                            00000006
TRISC7                            00000007
TRISD                             00000088
TRISD0                            00000000
TRISD1                            00000001
TRISD2                            00000002
TRISD3                            00000003
TRISD4                            00000004
TRISD5                            00000005
TRISD6                            00000006
TRISD7                            00000007
TRISE                             00000089
TRISE0                            00000000
TRISE1                            00000001
TRISE2                            00000002
TRISE3                            00000003
TRMT                              00000001
TUN0                              00000000
TUN1                              00000001
TUN2                              00000002
TUN3                              00000003
TUN4                              00000004
TX8_9                             00000006
TX9                               00000006
TX9D                              00000000
TXD8                              00000000
TXEN                              00000005
TXIE                              00000004
TXIF                              00000004
TXREG                             00000019
TXSTA                             00000098
UA                                00000001
ULPWUE                            00000005
ULPWUIE                           00000002
ULPWUIF                           00000002
VAR_ACTUAL                        00000020
VAR_DIP                           00000021
VCFG0                             00000004
VCFG1                             00000005
VR0                               00000000
VR1                               00000001
VR2                               00000002
VR3                               00000003
VRCON                             00000097
VREN                              00000007
VROE                              00000006
VRR                               00000005
VRSS                              00000004
W                                 00000000
WCOL                              00000007
WDTCON                            00000105
MPASM  5.51                        CODIGO.ASM   3-26-2024  0:14:24         PAGE 20


SYMBOL TABLE
  LABEL                             VALUE 

WDTPS0                            00000001
WDTPS1                            00000002
WDTPS2                            00000003
WDTPS3                            00000004
WPUB                              00000095
WPUB0                             00000000
WPUB1                             00000001
WPUB2                             00000002
WPUB3                             00000003
WPUB4                             00000004
WPUB5                             00000005
WPUB6                             00000006
WPUB7                             00000007
WR                                00000001
WREN                              00000002
WRERR                             00000003
WUE                               00000001
Z                                 00000002
_.org_0_0013                      00000013
_.org_0_001D                      0000001D
_.org_0_0027                      00000027
_.org_0_0111                      00000111
_BOR21V                           00003EFF
_BOR40V                           00003FFF
_BOR4V_BOR21V                     00003EFF
_BOR4V_BOR40V                     00003FFF
_BOREN_NSLEEP                     00003EFF
_BOREN_OFF                        00003CFF
_BOREN_ON                         00003FFF
_BOREN_SBODEN                     00003DFF
_BOR_NSLEEP                       00003EFF
_BOR_OFF                          00003CFF
_BOR_ON                           00003FFF
_BOR_SBODEN                       00003DFF
_CONFIG1                          00002007
_CONFIG2                          00002008
_CPD_OFF                          00003FFF
_CPD_ON                           00003F7F
_CP_OFF                           00003FFF
_CP_ON                            00003FBF
_DEBUG_OFF                        00003FFF
_DEBUG_ON                         00001FFF
_DEVID1                           00002006
_EC_OSC                           00003FFB
_EXTRC                            00003FFF
_EXTRCIO                          00003FFE
_EXTRC_OSC_CLKOUT                 00003FFF
_EXTRC_OSC_NOCLKOUT               00003FFE
_FCMEN_OFF                        000037FF
_FCMEN_ON                         00003FFF
_FOSC_EC                          00003FFB
_FOSC_EXTRC_CLKOUT                00003FFF
_FOSC_EXTRC_NOCLKOUT              00003FFE
MPASM  5.51                        CODIGO.ASM   3-26-2024  0:14:24         PAGE 21


SYMBOL TABLE
  LABEL                             VALUE 

_FOSC_HS                          00003FFA
_FOSC_INTRC_CLKOUT                00003FFD
_FOSC_INTRC_NOCLKOUT              00003FFC
_FOSC_LP                          00003FF8
_FOSC_XT                          00003FF9
_HS_OSC                           00003FFA
_IDLOC0                           00002000
_IDLOC1                           00002001
_IDLOC2                           00002002
_IDLOC3                           00002003
_IESO_OFF                         00003BFF
_IESO_ON                          00003FFF
_INTOSC                           00003FFD
_INTOSCIO                         00003FFC
_INTRC_OSC_CLKOUT                 00003FFD
_INTRC_OSC_NOCLKOUT               00003FFC
_LP_OSC                           00003FF8
_LVP_OFF                          00002FFF
_LVP_ON                           00003FFF
_MCLRE_OFF                        00003FDF
_MCLRE_ON                         00003FFF
_PWRTE_OFF                        00003FFF
_PWRTE_ON                         00003FEF
_WDTE_OFF                         00003FF7
_WDTE_ON                          00003FFF
_WDT_OFF                          00003FF7
_WDT_ON                           00003FFF
_WRT_1FOURTH                      00003BFF
_WRT_256                          00003DFF
_WRT_HALF                         000039FF
_WRT_OFF                          00003FFF
_XT_OSC                           00003FF9
__16F887                          00000001
__DEBUG                           1

Errors   :     0
Warnings :     3 reported,     0 suppressed
Messages :     4 reported,     0 suppressed

