MPLINK 4.49, Linker
Linker Map File - Created Mon Mar 25 21:58:15 2024

                                 Section Info
                  Section       Type    Address   Location Size(Bytes)
                ---------  ---------  ---------  ---------  ---------
                   .org_0       code   0x000000    program   0x0000c2
                   .cinit    romdata   0x000061    program   0x000004
    .config_2007_CODIGO.O       code   0x002007    program   0x000002
    .config_2008_CODIGO.O       code   0x002008    program   0x000002



                              Program Memory Usage 
                               Start         End      
                           ---------   ---------      
                            0x000000    0x000062      
                            0x002007    0x002008      
            101 out of 8455 program addresses used, program memory utilization is 1%



                              Symbols - Sorted by Name
                     Name    Address   Location    Storage File                     
                ---------  ---------  ---------  --------- ---------                
                  DECRE2V   0x000049    program     static C:\Users\amf01\Documents\Micros\2_0_1\SUBTIEMPO.ASM
                  DECRE3V   0x000056    program     static C:\Users\amf01\Documents\Micros\2_0_1\SUBTIEMPO.ASM
               DECREMENTO   0x000016    program     static C:\Users\amf01\Documents\Micros\2_0_1\CODIGO.ASM
                      FIN   0x00003f    program     static C:\Users\amf01\Documents\Micros\2_0_1\CODIGO.ASM
               INCREMENTO   0x00000e    program     static C:\Users\amf01\Documents\Micros\2_0_1\CODIGO.ASM
                 LEER_DIP   0x000020    program     static C:\Users\amf01\Documents\Micros\2_0_1\CODIGO.ASM
                RECARGA3V   0x000054    program     static C:\Users\amf01\Documents\Micros\2_0_1\SUBTIEMPO.ASM
                 SERVO140   0x00002a    program     static C:\Users\amf01\Documents\Micros\2_0_1\CODIGO.ASM
                     ST1V   0x000040    program     static C:\Users\amf01\Documents\Micros\2_0_1\SUBTIEMPO.ASM
                     ST2V   0x000047    program     static C:\Users\amf01\Documents\Micros\2_0_1\SUBTIEMPO.ASM
                     ST3V   0x000052    program     static C:\Users\amf01\Documents\Micros\2_0_1\SUBTIEMPO.ASM
                    T25MS   0x000037    program     static C:\Users\amf01\Documents\Micros\2_0_1\CODIGO.ASM
             _.org_0_0012   0x000012    program     static C:\Users\amf01\Documents\Micros\2_0_1\CODIGO.ASM
             _.org_0_001A   0x00001a    program     static C:\Users\amf01\Documents\Micros\2_0_1\CODIGO.ASM
             _.org_0_0024   0x000024    program     static C:\Users\amf01\Documents\Micros\2_0_1\CODIGO.ASM
             _.org_0_003F   0x00003f    program     static C:\Users\amf01\Documents\Micros\2_0_1\CODIGO.ASM



                              Symbols - Sorted by Address
                     Name    Address   Location    Storage File                     
                ---------  ---------  ---------  --------- ---------                
               INCREMENTO   0x00000e    program     static C:\Users\amf01\Documents\Micros\2_0_1\CODIGO.ASM
             _.org_0_0012   0x000012    program     static C:\Users\amf01\Documents\Micros\2_0_1\CODIGO.ASM
               DECREMENTO   0x000016    program     static C:\Users\amf01\Documents\Micros\2_0_1\CODIGO.ASM
             _.org_0_001A   0x00001a    program     static C:\Users\amf01\Documents\Micros\2_0_1\CODIGO.ASM
                 LEER_DIP   0x000020    program     static C:\Users\amf01\Documents\Micros\2_0_1\CODIGO.ASM
             _.org_0_0024   0x000024    program     static C:\Users\amf01\Documents\Micros\2_0_1\CODIGO.ASM
                 SERVO140   0x00002a    program     static C:\Users\amf01\Documents\Micros\2_0_1\CODIGO.ASM
                    T25MS   0x000037    program     static C:\Users\amf01\Documents\Micros\2_0_1\CODIGO.ASM
                      FIN   0x00003f    program     static C:\Users\amf01\Documents\Micros\2_0_1\CODIGO.ASM
             _.org_0_003F   0x00003f    program     static C:\Users\amf01\Documents\Micros\2_0_1\CODIGO.ASM
                     ST1V   0x000040    program     static C:\Users\amf01\Documents\Micros\2_0_1\SUBTIEMPO.ASM
                     ST2V   0x000047    program     static C:\Users\amf01\Documents\Micros\2_0_1\SUBTIEMPO.ASM
                  DECRE2V   0x000049    program     static C:\Users\amf01\Documents\Micros\2_0_1\SUBTIEMPO.ASM
                     ST3V   0x000052    program     static C:\Users\amf01\Documents\Micros\2_0_1\SUBTIEMPO.ASM
                RECARGA3V   0x000054    program     static C:\Users\amf01\Documents\Micros\2_0_1\SUBTIEMPO.ASM
                  DECRE3V   0x000056    program     static C:\Users\amf01\Documents\Micros\2_0_1\SUBTIEMPO.ASM


