MPLINK 4.49, Linker
Linker Map File - Created Tue Mar 26 00:14:25 2024

                                 Section Info
                  Section       Type    Address   Location Size(Bytes)
                ---------  ---------  ---------  ---------  ---------
                   .org_0       code   0x000000    program   0x000266
                   .cinit    romdata   0x000133    program   0x000004
    .config_2007_CODIGO.O       code   0x002007    program   0x000002
    .config_2008_CODIGO.O       code   0x002008    program   0x000002



                              Program Memory Usage 
                               Start         End      
                           ---------   ---------      
                            0x000000    0x000134      
                            0x002007    0x002008      
            311 out of 8455 program addresses used, program memory utilization is 3%



                              Symbols - Sorted by Name
                     Name    Address   Location    Storage File                     
                ---------  ---------  ---------  --------- ---------                
                  DECRE2V   0x00011b    program     static C:\Users\amf01\Documents\Micros\2_0_1\SUBTIEMPO.ASM
                  DECRE3V   0x000128    program     static C:\Users\amf01\Documents\Micros\2_0_1\SUBTIEMPO.ASM
               DECREMENTO   0x000019    program     static C:\Users\amf01\Documents\Micros\2_0_1\CODIGO.ASM
                      FIN   0x000111    program     static C:\Users\amf01\Documents\Micros\2_0_1\CODIGO.ASM
               INCREMENTO   0x00000f    program     static C:\Users\amf01\Documents\Micros\2_0_1\CODIGO.ASM
                 LEER_DIP   0x000023    program     static C:\Users\amf01\Documents\Micros\2_0_1\CODIGO.ASM
                   NIVEL1   0x000039    program     static C:\Users\amf01\Documents\Micros\2_0_1\CODIGO.ASM
                  NIVEL10   0x0000c0    program     static C:\Users\amf01\Documents\Micros\2_0_1\CODIGO.ASM
                  NIVEL11   0x0000cd    program     static C:\Users\amf01\Documents\Micros\2_0_1\CODIGO.ASM
                  NIVEL12   0x0000dc    program     static C:\Users\amf01\Documents\Micros\2_0_1\CODIGO.ASM
                  NIVEL13   0x0000eb    program     static C:\Users\amf01\Documents\Micros\2_0_1\CODIGO.ASM
                  NIVEL14   0x0000f8    program     static C:\Users\amf01\Documents\Micros\2_0_1\CODIGO.ASM
                  NIVEL15   0x000107    program     static C:\Users\amf01\Documents\Micros\2_0_1\CODIGO.ASM
                   NIVEL2   0x000048    program     static C:\Users\amf01\Documents\Micros\2_0_1\CODIGO.ASM
                   NIVEL3   0x000057    program     static C:\Users\amf01\Documents\Micros\2_0_1\CODIGO.ASM
                   NIVEL4   0x000064    program     static C:\Users\amf01\Documents\Micros\2_0_1\CODIGO.ASM
                   NIVEL5   0x000073    program     static C:\Users\amf01\Documents\Micros\2_0_1\CODIGO.ASM
                   NIVEL6   0x000080    program     static C:\Users\amf01\Documents\Micros\2_0_1\CODIGO.ASM
                   NIVEL7   0x00008f    program     static C:\Users\amf01\Documents\Micros\2_0_1\CODIGO.ASM
                   NIVEL8   0x0000a0    program     static C:\Users\amf01\Documents\Micros\2_0_1\CODIGO.ASM
                   NIVEL9   0x0000b1    program     static C:\Users\amf01\Documents\Micros\2_0_1\CODIGO.ASM
                RECARGA3V   0x000126    program     static C:\Users\amf01\Documents\Micros\2_0_1\SUBTIEMPO.ASM
                SEL_NIVEL   0x00002d    program     static C:\Users\amf01\Documents\Micros\2_0_1\CODIGO.ASM
                     ST1V   0x000112    program     static C:\Users\amf01\Documents\Micros\2_0_1\SUBTIEMPO.ASM
                     ST2V   0x000119    program     static C:\Users\amf01\Documents\Micros\2_0_1\SUBTIEMPO.ASM
                     ST3V   0x000124    program     static C:\Users\amf01\Documents\Micros\2_0_1\SUBTIEMPO.ASM
                    T25MS   0x000109    program     static C:\Users\amf01\Documents\Micros\2_0_1\CODIGO.ASM
             _.org_0_0013   0x000013    program     static C:\Users\amf01\Documents\Micros\2_0_1\CODIGO.ASM
             _.org_0_001D   0x00001d    program     static C:\Users\amf01\Documents\Micros\2_0_1\CODIGO.ASM
             _.org_0_0027   0x000027    program     static C:\Users\amf01\Documents\Micros\2_0_1\CODIGO.ASM
             _.org_0_0111   0x000111    program     static C:\Users\amf01\Documents\Micros\2_0_1\CODIGO.ASM



                              Symbols - Sorted by Address
                     Name    Address   Location    Storage File                     
                ---------  ---------  ---------  --------- ---------                
               INCREMENTO   0x00000f    program     static C:\Users\amf01\Documents\Micros\2_0_1\CODIGO.ASM
             _.org_0_0013   0x000013    program     static C:\Users\amf01\Documents\Micros\2_0_1\CODIGO.ASM
               DECREMENTO   0x000019    program     static C:\Users\amf01\Documents\Micros\2_0_1\CODIGO.ASM
             _.org_0_001D   0x00001d    program     static C:\Users\amf01\Documents\Micros\2_0_1\CODIGO.ASM
                 LEER_DIP   0x000023    program     static C:\Users\amf01\Documents\Micros\2_0_1\CODIGO.ASM
             _.org_0_0027   0x000027    program     static C:\Users\amf01\Documents\Micros\2_0_1\CODIGO.ASM
                SEL_NIVEL   0x00002d    program     static C:\Users\amf01\Documents\Micros\2_0_1\CODIGO.ASM
                   NIVEL1   0x000039    program     static C:\Users\amf01\Documents\Micros\2_0_1\CODIGO.ASM
                   NIVEL2   0x000048    program     static C:\Users\amf01\Documents\Micros\2_0_1\CODIGO.ASM
                   NIVEL3   0x000057    program     static C:\Users\amf01\Documents\Micros\2_0_1\CODIGO.ASM
                   NIVEL4   0x000064    program     static C:\Users\amf01\Documents\Micros\2_0_1\CODIGO.ASM
                   NIVEL5   0x000073    program     static C:\Users\amf01\Documents\Micros\2_0_1\CODIGO.ASM
                   NIVEL6   0x000080    program     static C:\Users\amf01\Documents\Micros\2_0_1\CODIGO.ASM
                   NIVEL7   0x00008f    program     static C:\Users\amf01\Documents\Micros\2_0_1\CODIGO.ASM
                   NIVEL8   0x0000a0    program     static C:\Users\amf01\Documents\Micros\2_0_1\CODIGO.ASM
                   NIVEL9   0x0000b1    program     static C:\Users\amf01\Documents\Micros\2_0_1\CODIGO.ASM
                  NIVEL10   0x0000c0    program     static C:\Users\amf01\Documents\Micros\2_0_1\CODIGO.ASM
                  NIVEL11   0x0000cd    program     static C:\Users\amf01\Documents\Micros\2_0_1\CODIGO.ASM
                  NIVEL12   0x0000dc    program     static C:\Users\amf01\Documents\Micros\2_0_1\CODIGO.ASM
                  NIVEL13   0x0000eb    program     static C:\Users\amf01\Documents\Micros\2_0_1\CODIGO.ASM
                  NIVEL14   0x0000f8    program     static C:\Users\amf01\Documents\Micros\2_0_1\CODIGO.ASM
                  NIVEL15   0x000107    program     static C:\Users\amf01\Documents\Micros\2_0_1\CODIGO.ASM
                    T25MS   0x000109    program     static C:\Users\amf01\Documents\Micros\2_0_1\CODIGO.ASM
             _.org_0_0111   0x000111    program     static C:\Users\amf01\Documents\Micros\2_0_1\CODIGO.ASM
                      FIN   0x000111    program     static C:\Users\amf01\Documents\Micros\2_0_1\CODIGO.ASM
                     ST1V   0x000112    program     static C:\Users\amf01\Documents\Micros\2_0_1\SUBTIEMPO.ASM
                     ST2V   0x000119    program     static C:\Users\amf01\Documents\Micros\2_0_1\SUBTIEMPO.ASM
                  DECRE2V   0x00011b    program     static C:\Users\amf01\Documents\Micros\2_0_1\SUBTIEMPO.ASM
                     ST3V   0x000124    program     static C:\Users\amf01\Documents\Micros\2_0_1\SUBTIEMPO.ASM
                RECARGA3V   0x000126    program     static C:\Users\amf01\Documents\Micros\2_0_1\SUBTIEMPO.ASM
                  DECRE3V   0x000128    program     static C:\Users\amf01\Documents\Micros\2_0_1\SUBTIEMPO.ASM


